------------------------------------------------------------------------------------------------------------------------------------------------------
      name:  <unnamed>
       log:  /Users/ahmadlp/Dropbox/LL2020/Replication_Aug_2023/Stata/logs/17-figure_Y2.log
  log type:  text
 opened on:   8 Aug 2023, 18:20:22

. 
. import delimited using ../Matlab/output/temp/output_for_stata_figY2.csv, case(preserve) delim(",") varnames(1) clear
(encoding automatically selected: ISO-8859-1)
(7 vars, 43 obs)

. 
. scatter first_best_Fixed_Effects first_best, msymbol(O) || function y=x, range(0.5 2.5) xsize(5) ysize(5) ///
> ytitle(Fixed Effects Estimates for {&mu}{subscript:k} and {&sigma}{subscript:k}, size(med)) xtitle(Baseline  Estimates for {&mu}{subscript:k} and {&
> sigma}{subscript:k}, size(med)) legend(off) ///
> lwidth(medthin) lpattern(dash) title(%{&Delta}W{subscript:1st best}, size(large)  position(12))
(note:  named style med not found in class gsize, default attributes used)
(note:  named style med not found in class gsize, default attributes used)

. 
. graph export "output/Figure_Y2_a.pdf", replace
file /Users/ahmadlp/Dropbox/LL2020/Replication_Aug_2023/Stata/output/Figure_Y2_a.pdf saved as PDF format

.  
.  
.  replace second_best_Fixed_Effects=second_best_Fixed_Effects/first_best_Fixed_Effects
(43 real changes made)

.  replace second_best=second_best/first_best
(43 real changes made)

.  
.  replace third_best_Fixed_Effects=third_best_Fixed_Effects/first_best_Fixed_Effects
(43 real changes made)

.  replace third_best=third_best/first_best
(43 real changes made)

.  
. scatter second_best_Fixed_Effects second_best, msymbol(Oh) || scatter third_best_Fixed_Effects third_best, msymbol(O) || function y=x, range(0 1) xs
> ize(5) ysize(5) ///
> ytitle(Fixed Effects Estimates for {&mu}{subscript:k} and {&sigma}{subscript:k}, size(med)) ///
> xtitle(Baseline  Estimates for {&mu}{subscript:k} and {&sigma}{subscript:k} , size(med)) ///
> lwidth(medthin) lpattern(dash) title({&Delta}W{subscript:2nd best} {&frasl} {&Delta}W{subscript:1st best}, size(large)  position(12)) ///
> legend(pos(10) size(medium) ring(0) order(1 "All Trade Taxes" 2 "Only Import Taxes"))
(note:  named style med not found in class gsize, default attributes used)
(note:  named style med not found in class gsize, default attributes used)

. 
. graph export "output/Figure_Y2_b.pdf", replace
file /Users/ahmadlp/Dropbox/LL2020/Replication_Aug_2023/Stata/output/Figure_Y2_b.pdf saved as PDF format

. 
. if "$delete_matlab_output" == "yes" {
.  erase ../Matlab/output/temp/output_for_stata_figY2.csv
. }

.  graph close

.  log close
      name:  <unnamed>
       log:  /Users/ahmadlp/Dropbox/LL2020/Replication_Aug_2023/Stata/logs/17-figure_Y2.log
  log type:  text
 closed on:   8 Aug 2023, 18:20:23
------------------------------------------------------------------------------------------------------------------------------------------------------
