------------------------------------------------------------------------------------------------------------------------------------------------------
      name:  <unnamed>
       log:  /Users/ahmadlp/Dropbox/LL2020/Replication_Aug_2023/Stata/logs/18-figure_Y3.log
  log type:  text
 opened on:   8 Aug 2023, 18:20:23

. 
. import delimited using ../Matlab/output/temp/output_for_stata_figY3.csv, case(preserve) delim(",") varnames(1) clear
(encoding automatically selected: ISO-8859-1)
(7 vars, 43 obs)

. 
. scatter first_best_Alt first_best, msymbol(O) || function y=x, range(0.5 2.5) xsize(5) ysize(5) ///
> ytitle(Conservative Choice of {&mu}{subscript:k} in Services, size(med)) xtitle(Baseline  Analysis, size(med)) legend(off) ///
> lwidth(medthin) lpattern(dash) title(%{&Delta}W{subscript:1st best}, size(large)  position(12))
(note:  named style med not found in class gsize, default attributes used)
(note:  named style med not found in class gsize, default attributes used)

. 
. graph export "output/Figure_Y3_A.pdf", replace
file /Users/ahmadlp/Dropbox/LL2020/Replication_Aug_2023/Stata/output/Figure_Y3_A.pdf saved as PDF format

.  
.  
.  replace second_best_Alt=second_best_Alt/first_best_Alt
(43 real changes made)

.  replace second_best=second_best/first_best
(43 real changes made)

.  
.  replace third_best_Alt=third_best_Alt/first_best_Alt
(43 real changes made)

.  replace third_best=third_best/first_best
(43 real changes made)

.  
. scatter second_best_Alt second_best, msymbol(Oh) || scatter third_best_Alt third_best, msymbol(O) || function y=x, range(0 1) xsize(5) ysize(5) ///
> ytitle(Conservative Choice of {&mu}{subscript:k} in Services, size(med)) xtitle(Baseline Analysis, size(med)) ///
> lwidth(medthin) lpattern(dash) title({&Delta}W{subscript:2nd best} {&frasl} {&Delta}W{subscript:1st best}, size(large)  position(12)) ///
> legend(pos(10) size(medium) ring(0) order(1 "All Trade Taxes" 2 "Only Import Taxes"))
(note:  named style med not found in class gsize, default attributes used)
(note:  named style med not found in class gsize, default attributes used)

. 
. graph export "output/Figure_Y3_B.pdf", replace
file /Users/ahmadlp/Dropbox/LL2020/Replication_Aug_2023/Stata/output/Figure_Y3_B.pdf saved as PDF format

.  
. if "$delete_matlab_output" == "yes" { 
.  erase ../Matlab/output/temp/output_for_stata_figY3.csv
. }

. 
.  graph close

.  log close
      name:  <unnamed>
       log:  /Users/ahmadlp/Dropbox/LL2020/Replication_Aug_2023/Stata/logs/18-figure_Y3.log
  log type:  text
 closed on:   8 Aug 2023, 18:20:25
------------------------------------------------------------------------------------------------------------------------------------------------------
